[36mvite v5.4.21 [32mbuilding for production...[36m[39m
transforming...
[32mΓ£ô[39m 111 modules transformed.
rendering chunks...
computing gzip size...
[2mdist/[22m[32mindex.html                 [39m[1m[2m  0.48 kB[22m[1m[22m[2m Γöé gzip:   0.33 kB[22m
[2mdist/[22m[35massets/index-D73Y-jE2.css  [39m[1m[2m 49.52 kB[22m[1m[22m[2m Γöé gzip:   8.38 kB[22m
[2mdist/[22m[36massets/index-C3sEfmeW.js   [39m[1m[2m342.22 kB[22m[1m[22m[2m Γöé gzip: 102.61 kB[22m
[32mΓ£ô built in 3.51s[39m
